                  : AC27      : input  : 2.5 V             :         : 5         : Y              
answer[1]                    : AC28      : input  : 2.5 V             :         : 5         : Y              
RESERVED_INPUT_WITH_WEAK_PULLUP : AD1       :        :                   :         : 2         :                
RESERVED_INPUT_WITH_WEAK_PULLUP : AD2       :        :                   :         : 2         :                
RESERVED_INPUT_WITH_WEAK_PULLUP : AD3       :        :                   :         : 2         :                
RESERVED_INPUT_WITH_WEAK_PULLUP : AD4       :        :                   :         : 3         :                
RESERVED_INPUT_WITH_WEAK_PULLUP : AD5       :        :                   :         : 3         :                
VCCIO3                       : AD6       : power  :                   : 2.5V    : 3         :                
RESERVED_INPUT_WITH_WEAK_PULLUP : AD7       :        :                   :         : 3         :                
RESERVED_INPUT_WITH_WEAK_PULLUP : AD8       :        :                   :         : 3         :                
VCCIO3                       : AD9       : power  :                   : 2.5V    : 3         :                
RESERVED_INPUT_WITH_WEAK_PULLUP : AD10      :        :                   :         : 3         :                
RESERVED_INPUT_WITH_WEAK_PULLUP : AD11      :        :                   :         : 3         :                
RESERVED_INPUT_WITH_WEAK_PULLUP : AD12      :        :                   :         : 3         :                
VCCIO3                       : AD13      : power  :                   : 2.5V    : 3         :                
RESERVED_INPUT_WITH_WEAK_PULLUP : AD14      :        :                   :         : 3         :                
RESERVED_INPUT_WITH_WEAK_PULLUP : AD15      :        :                   :         : 4         :                
VCCIO4                       : AD16      : power  :                   : 2.5V    : 4         :                
RESERVED_INPUT_WITH_WEAK_PULLUP : AD17      :        :                   :         : 4         :                
RESERVED_INPUT_WITH_WEAK_PULLUP : AD18      :        :                